k=1 EXACT optimum (= #distinct squared radii from apex b):
    n   best-b  worst-b   center      n^2  best/n^2  worst/n^2
    8       34       15       15       64    0.5312     0.2344
   16      120       42       42      256    0.4688     0.1641
   32      431      135      135     1024    0.4209     0.1318
   64     1576      457      457     4096    0.3848     0.1116
  128     5839     1621     1621    16384    0.3564     0.0989
  181    11292     3062     3062    32761    0.3447     0.0935
  256    21860     5924     5924    65536    0.3336     0.0904

k=2 EXACT optimum (max bipartite matching), apexes = two grid corners / adversarial:
n=   8  best=     33 worst=     14  n^2=     64  worst/n^2=0.2188
n=  16  best=    115 worst=     40  n^2=    256  worst/n^2=0.1562
n=  32  best=    387 worst=    128  n^2=   1024  worst/n^2=0.1250
n=  64  best=   1428 worst=    439  n^2=   4096  worst/n^2=0.1072
n=  90  best=   2704 worst=    813  n^2=   8100  worst/n^2=0.1004
n= 128  best=   5312 worst=   1557  n^2=  16384  worst/n^2=0.0950

k=3 greedy lower bound (adversarial apex triples):
n=   8  best=     29 worst=     13  n^2=     64  worst/n^2=0.2031
n=  16  best=    105 worst=     37  n^2=    256  worst/n^2=0.1445
n=  32  best=    334 worst=    119  n^2=   1024  worst/n^2=0.1162
n=  64  best=   1206 worst=    396  n^2=   4096  worst/n^2=0.0967
n=  90  best=   2280 worst=    745  n^2=   8100  worst/n^2=0.0920
n= 128  best=   4462 worst=   1419  n^2=  16384  worst/n^2=0.0866

k apexes, greedy, adversarial (k nearby points):
n=64 k=  1 size=    457 /n^2=0.1116
n=64 k=  2 size=    434 /n^2=0.1060
n=64 k=  3 size=    393 /n^2=0.0959
n=64 k=  4 size=    364 /n^2=0.0889
n=64 k=  6 size=    297 /n^2=0.0725
n=64 k=  8 size=    274 /n^2=0.0669
n=64 k= 12 size=    231 /n^2=0.0564
n=64 k= 16 size=    204 /n^2=0.0498
n=64 k= 24 size=    171 /n^2=0.0417
n=64 k= 32 size=    147 /n^2=0.0359
n=128 k=  1 size=   1621 /n^2=0.0989
n=128 k=  2 size=   1545 /n^2=0.0943
n=128 k=  3 size=   1378 /n^2=0.0841
n=128 k=  4 size=   1258 /n^2=0.0768
n=128 k=  6 size=    980 /n^2=0.0598
n=128 k=  8 size=    902 /n^2=0.0551
n=128 k= 12 size=    763 /n^2=0.0466
n=128 k= 16 size=    648 /n^2=0.0396
n=128 k= 24 size=    525 /n^2=0.0320
n=128 k= 32 size=    452 /n^2=0.0276
