n=   4 best=    6 known=   6 gap=0  best/n= 1.500 t=5s
n=   5 best=    7 known=   7 gap=0  best/n= 1.400 t=10s
n=   6 best=    9 known=   9 gap=0  best/n= 1.500 t=14s
n=   7 best=   10 known=  10 gap=0  best/n= 1.429 t=11s
n=   8 best=   12 known=  13 gap=1  best/n= 1.500 t=11s
n=   9 best=   14 known=  16 gap=2  best/n= 1.556 t=13s
n=  10 best=   15 known=  18 gap=3  best/n= 1.500 t=11s
n=  11 best=   16 known=  18 gap=2  best/n= 1.455 t=10s
n=  12 best=   18 known=   - gap=  best/n= 1.500 t=11s
n=  13 best=   19 known=   - gap=  best/n= 1.462 t=10s
n=  14 best=   19 known=   - gap=  best/n= 1.357 t=10s
n=  15 best=   21 known=   - gap=  best/n= 1.400 t=10s
n=  16 best=   23 known=  28 gap=5  best/n= 1.438 t=14s
n=  17 best=   25 known=   - gap=  best/n= 1.471 t=12s
n=  18 best=   26 known=   - gap=  best/n= 1.444 t=15s
n=  19 best=   28 known=   - gap=  best/n= 1.474 t=14s
n=  20 best=   29 known=   - gap=  best/n= 1.450 t=10s
n=  21 best=   29 known=   - gap=  best/n= 1.381 t=10s
n=  22 best=   31 known=   - gap=  best/n= 1.409 t=12s
n=  23 best=   32 known=   - gap=  best/n= 1.391 t=16s
n=  24 best=   33 known=   - gap=  best/n= 1.375 t=11s
n=  25 best=   33 known=   - gap=  best/n= 1.320 t=10s
n=  26 best=   34 known=   - gap=  best/n= 1.308 t=10s
n=  27 best=   37 known=  48 gap=11  best/n= 1.370 t=13s
n=  28 best=   38 known=   - gap=  best/n= 1.357 t=10s
n=  29 best=   38 known=   - gap=  best/n= 1.310 t=11s
n=  30 best=   40 known=   - gap=  best/n= 1.333 t=11s
n=  31 best=   40 known=   - gap=  best/n= 1.290 t=11s
n=  32 best=   41 known=  56 gap=15  best/n= 1.281 t=11s
n=  33 best=   42 known=   - gap=  best/n= 1.273 t=11s
n=  34 best=   45 known=   - gap=  best/n= 1.324 t=17s
n=  35 best=   45 known=   - gap=  best/n= 1.286 t=12s
n=  36 best=   47 known=   - gap=  best/n= 1.306 t=12s
n=  37 best=   47 known=   - gap=  best/n= 1.270 t=12s
n=  38 best=   50 known=   - gap=  best/n= 1.316 t=21s
n=  39 best=   51 known=   - gap=  best/n= 1.308 t=13s
n=  40 best=   52 known=   - gap=  best/n= 1.300 t=19s
n=  45 best=   57 known=   - gap=  best/n= 1.267 t=24s
n=  48 best=   60 known=   - gap=  best/n= 1.250 t=19s
n=  52 best=   66 known=   - gap=  best/n= 1.269 t=18s
n=  56 best=   71 known=   - gap=  best/n= 1.268 t=20s
n=  60 best=   76 known=   - gap=  best/n= 1.267 t=28s
n=  64 best=   78 known=   - gap=  best/n= 1.219 t=15s
n=  72 best=   87 known=   - gap=  best/n= 1.208 t=33s
n=  80 best=   94 known=   - gap=  best/n= 1.175 t=28s
n=  90 best=  101 known=   - gap=  best/n= 1.122 t=40s
n= 100 best=  110 known=   - gap=  best/n= 1.100 t=48s
n= 112 best=  128 known=   - gap=  best/n= 1.143 t=41s
n= 128 best=  148 known=   - gap=  best/n= 1.156 t=64s
