k=1 n=   8 size=    10  n^2=      64  size/n^{2-2/(k+1)}=   1.250  t=0.0s
k=1 n=  11 size=    13  n^2=     121  size/n^{2-2/(k+1)}=   1.182  t=0.0s
k=1 n=  16 size=    19  n^2=     256  size/n^{2-2/(k+1)}=   1.188  t=0.0s
k=1 n=  22 size=    27  n^2=     484  size/n^{2-2/(k+1)}=   1.227  t=0.1s
k=1 n=  32 size=    36  n^2=    1024  size/n^{2-2/(k+1)}=   1.125  t=0.2s
k=1 n=  45 size=    51  n^2=    2025  size/n^{2-2/(k+1)}=   1.133  t=0.4s
k=1 n=  64 size=    70  n^2=    4096  size/n^{2-2/(k+1)}=   1.094  t=0.8s
k=1 n=  90 size=   100  n^2=    8100  size/n^{2-2/(k+1)}=   1.111  t=0.7s
k=1 n= 128 size=   140  n^2=   16384  size/n^{2-2/(k+1)}=   1.094  t=1.5s
k=1 n= 181 size=   191  n^2=   32761  size/n^{2-2/(k+1)}=   1.055  t=3.2s
k=1 n= 256 size=   268  n^2=   65536  size/n^{2-2/(k+1)}=   1.047  t=5.9s
k=1 n= 362 size=   380  n^2=  131044  size/n^{2-2/(k+1)}=   1.050  t=43.5s
k=2 n=   8 size=    21  n^2=      64  size/n^{2-2/(k+1)}=   1.312  t=0.0s
k=2 n=  11 size=    30  n^2=     121  size/n^{2-2/(k+1)}=   1.226  t=0.1s
k=2 n=  16 size=    42  n^2=     256  size/n^{2-2/(k+1)}=   1.042  t=0.1s
k=2 n=  22 size=    64  n^2=     484  size/n^{2-2/(k+1)}=   1.038  t=0.2s
k=2 n=  32 size=    96  n^2=    1024  size/n^{2-2/(k+1)}=   0.945  t=0.6s
k=2 n=  45 size=   139  n^2=    2025  size/n^{2-2/(k+1)}=   0.868  t=1.2s
k=2 n=  64 size=   212  n^2=    4096  size/n^{2-2/(k+1)}=   0.828  t=2.6s
k=2 n=  90 size=   307  n^2=    8100  size/n^{2-2/(k+1)}=   0.761  t=2.6s
k=2 n= 128 size=   474  n^2=   16384  size/n^{2-2/(k+1)}=   0.735  t=38.4s
k=2 n= 181 size=   713  n^2=   32761  size/n^{2-2/(k+1)}=   0.696  t=102.5s
k=2 n= 256 size=  1076  n^2=   65536  size/n^{2-2/(k+1)}=   0.662  t=18.1s
k=3 n=   8 size=    31  n^2=      64  size/n^{2-2/(k+1)}=   1.370  t=0.0s
k=3 n=  11 size=    45  n^2=     121  size/n^{2-2/(k+1)}=   1.233  t=0.1s
k=3 n=  16 size=    67  n^2=     256  size/n^{2-2/(k+1)}=   1.047  t=0.1s
k=3 n=  22 size=   102  n^2=     484  size/n^{2-2/(k+1)}=   0.988  t=0.3s
k=3 n=  32 size=   155  n^2=    1024  size/n^{2-2/(k+1)}=   0.856  t=0.7s
k=3 n=  45 size=   242  n^2=    2025  size/n^{2-2/(k+1)}=   0.802  t=1.7s
k=3 n=  64 size=   374  n^2=    4096  size/n^{2-2/(k+1)}=   0.730  t=27.1s
k=3 n=  90 size=   575  n^2=    8100  size/n^{2-2/(k+1)}=   0.673  t=33.3s
k=3 n= 128 size=   917  n^2=   16384  size/n^{2-2/(k+1)}=   0.633  t=87.4s
k=3 n= 181 size=  1414  n^2=   32761  size/n^{2-2/(k+1)}=   0.581  t=246.7s
