BEST 2  nodes 0  t 0.00  SET 0,0 0,1
BEST 3  nodes 0  t 0.00  SET 0,0 0,1 0,3
BEST 4  nodes 0  t 0.00  SET 0,0 0,1 0,3 0,4
BEST 5  nodes 0  t 0.00  SET 0,0 0,1 0,3 0,4 0,9
BEST 6  nodes 0  t 0.00  SET 0,0 0,1 0,3 0,4 0,9 0,10
BEST 7  nodes 0  t 0.00  SET 0,0 0,1 0,3 0,4 0,9 0,10 0,12
BEST 8  nodes 0  t 0.00  SET 0,0 0,1 0,3 0,4 0,9 0,10 0,12 1,12
BEST 9  nodes 0  t 0.00  SET 0,0 0,1 0,3 0,4 0,9 0,10 0,12 1,12 4,3
BEST 10  nodes 0  t 0.00  SET 0,0 0,1 0,3 0,4 0,9 0,10 0,12 1,12 4,3 4,9
BEST 11  nodes 0  t 0.00  SET 0,0 0,1 0,3 0,4 0,9 0,10 0,12 1,12 4,3 4,9 4,10
BEST 12  nodes 0  t 0.00  SET 0,0 0,1 0,3 0,4 0,9 0,10 0,12 1,12 4,3 4,9 4,10 5,1
BEST 13  nodes 0  t 0.00  SET 0,0 0,1 0,3 0,4 0,9 0,10 0,12 1,12 4,3 4,9 4,10 5,1 5,3
BEST 14  nodes 0  t 0.00  SET 0,0 0,1 0,3 0,4 0,9 0,10 0,12 1,12 4,3 4,9 4,10 5,1 5,3 6,1
BEST 15  nodes 0  t 0.00  SET 0,0 0,1 0,3 0,4 0,9 0,10 0,12 1,12 4,3 4,9 4,10 5,1 5,3 6,1 6,12
BEST 16  nodes 0  t 0.00  SET 0,0 0,1 0,3 0,4 0,9 0,10 0,12 1,12 4,3 4,9 4,10 5,1 7,1 7,4 11,4 12,3
BEST 17  nodes 0  t 0.00  SET 0,0 0,1 0,3 0,4 0,9 0,10 0,12 1,12 4,3 4,10 5,1 5,10 5,12 7,1 7,4 11,9 12,10
BEST 18  nodes 0  t 0.00  SET 0,0 0,11 0,12 1,0 1,2 1,3 1,5 1,9 2,5 2,8 3,12 7,2 7,5 8,0 8,11 10,12 11,9 12,9
BEST 19  nodes 0  t 0.00  SET 0,0 0,2 0,3 0,5 0,9 0,11 0,12 1,5 1,9 5,3 7,0 8,0 8,9 11,2 11,5 11,9 12,3 12,9 12,11
BEST 20  nodes 0  t 0.00  SET 0,0 0,2 0,3 0,5 0,9 0,11 1,0 1,5 1,9 1,12 3,11 3,12 7,0 7,11 7,12 9,12 10,12 12,5 12,11 12,12
BEST 21  nodes 0  t 0.05  SET 0,0 0,3 0,4 0,7 0,9 1,1 1,9 5,0 5,1 5,10 5,12 10,1 11,0 11,3 11,7 11,10 11,12 12,3 12,7 12,9 12,12
BEST 22  nodes 0  t 19.56  SET 0,0 0,12 1,0 1,12 2,1 2,2 2,5 2,7 2,10 2,11 3,5 3,7 9,2 9,10 10,0 10,12 11,0 11,5 11,7 11,12 12,5 12,7
