1 1 OPT
1 2 OPT
1 3 OPT
1 4 OPT
1 5 OPT
1 6 OPT
1 7 OPT
1 8 OPT
1 9 OPT
1 10 OPT
1 11 OPT
1 12 OPT
1 13 OPT
1 14 OPT
1 15 OPT
1 16 OPT
1 17 OPT
1 18 OPT
1 19 OPT
1 20 OPT
1 21 OPT
1 22 OPT
1 23 OPT
1 24 OPT
1 25 OPT
1 26 OPT
1 27 OPT
1 28 OPT
1 29 OPT
1 30 OPT
1 31 OPT
1 32 OPT
1 33 OPT
1 34 OPT
1 35 OPT
1 36 OPT
1 37 OPT
1 38 OPT
1 39 OPT
1 40 OPT
2 1 OPT
2 2 OPT
2 3 OPT
2 4 OPT
2 5 OPT
2 6 OPT
2 7 OPT
2 8 OPT
2 9 OPT
2 10 OPT
2 11 OPT
2 12 OPT
2 13 OPT
2 14 OPT
2 15 OPT
2 16 OPT
2 17 OPT
2 18 OPT
2 19 OPT
2 20 OPT
2 21 OPT
2 22 OPT
2 23 OPT
2 24 OPT
2 25 OPT
2 26 OPT
2 27 OPT
2 28 OPT
2 29 OPT
2 30 OPT
2 31 OPT
2 32 OPT
2 33 OPT
2 34 OPT
2 35 OPT
2 36 OPT
2 37 OPT
2 38 OPT
2 39 OPT
2 40 OPT
3 1 OPT
3 2 OPT
3 3 OPT
3 4 OPT
3 5 OPT
3 6 OPT
3 7 OPT
3 8 OPT
3 9 OPT
3 10 OPT
3 11 OPT
3 12 OPT
3 13 OPT
3 14 OPT
3 15 OPT
3 16 OPT
3 17 OPT
3 18 OPT
3 19 OPT
3 20 OPT
3 21 OPT
3 22 OPT
3 23 OPT
3 24 OPT
3 25 OPT
3 26 OPT
3 27 OPT
3 28 OPT
3 29 OPT
3 30 OPT
3 31 OPT
3 32 OPT
3 33 
3 34 
