{"start": "U_forced_hs2_q24_18_r2", "hs": [[22, 4], [92, 15]], "n_add": 2119, "hash": "56b987243222aae4"}
{
  "U_id": "U_forced_hs2_q24_18_r2",
  "q": [
    24,
    18
  ],
  "hs": [
    [
      22,
      4
    ],
    [
      92,
      15
    ]
  ],
  "status": "INFEASIBLE_SCOPED",
  "universe_hash": "56b987243222aae483688ab55d32bea01dd0efb36a41bf0cdc74d2af02df980b",
  "n_rem": 2,
  "n_add": 2119,
  "best_illegal_V": 11,
  "rounds": 710,
  "final_cuts": 2450,
  "wall_time_s": 47.756046533584595
}
{"start": "U_forced_hs2_q24_81_r2", "hs": [[22, 95], [91, 93]], "n_add": 2123, "hash": "0f017c4b48d3cf64"}
{
  "U_id": "U_forced_hs2_q24_81_r2",
  "q": [
    24,
    81
  ],
  "hs": [
    [
      22,
      95
    ],
    [
      91,
      93
    ]
  ],
  "status": "INFEASIBLE_SCOPED",
  "universe_hash": "0f017c4b48d3cf64b9ef33a0680a553c7abf8607772f2fa542ef37bb92ed3bf1",
  "n_rem": 2,
  "n_add": 2123,
  "best_illegal_V": 13,
  "rounds": 710,
  "final_cuts": 2476,
  "wall_time_s": 47.51323890686035
}
{"start": "U_forced_hs2_q75_18_r2", "hs": [[8, 6], [77, 4]], "n_add": 2123, "hash": "d80c095b6a827bb7"}
{
  "U_id": "U_forced_hs2_q75_18_r2",
  "q": [
    75,
    18
  ],
  "hs": [
    [
      8,
      6
    ],
    [
      77,
      4
    ]
  ],
  "status": "INFEASIBLE_SCOPED",
  "universe_hash": "d80c095b6a827bb75bc2bc2cb9eb36328007e053f7b9a307696744a781095f49",
  "n_rem": 2,
  "n_add": 2123,
  "best_illegal_V": 15,
  "rounds": 711,
  "final_cuts": 2482,
  "wall_time_s": 47.586993932724
}
{"start": "U_forced_hs2_q75_81_r2", "hs": [[8, 93], [77, 95]], "n_add": 2123, "hash": "19380ff071a1e27f"}
{
  "U_id": "U_forced_hs2_q75_81_r2",
  "q": [
    75,
    81
  ],
  "hs": [
    [
      8,
      93
    ],
    [
      77,
      95
    ]
  ],
  "status": "INFEASIBLE_SCOPED",
  "universe_hash": "19380ff071a1e27f89c9fabda910f423ec2ac28d2563792b722bddb9f6bdfdab",
  "n_rem": 2,
  "n_add": 2123,
  "best_illegal_V": 15,
  "rounds": 711,
  "final_cuts": 2500,
  "wall_time_s": 47.83700132369995
}
{"start": "U_forced_hs2_q3_17_r2", "hs": [[2, 18], [3, 61]], "n_add": 2084, "hash": "57caa20946082b3d"}
{
  "U_id": "U_forced_hs2_q3_17_r2",
  "q": [
    3,
    17
  ],
  "hs": [
    [
      2,
      18
    ],
    [
      3,
      61
    ]
  ],
  "status": "INFEASIBLE_SCOPED",
  "universe_hash": "57caa20946082b3dadad1ec48bd45caff808609e2a185d61738c9171f9d04851",
  "n_rem": 2,
  "n_add": 2084,
  "best_illegal_V": 14,
  "rounds": 697,
  "final_cuts": 2426,
  "wall_time_s": 45.70478868484497
}
{"start": "U_forced_hs2_q3_82_r2", "hs": [[2, 81], [3, 38]], "n_add": 2084, "hash": "8fa8190d649cb209"}
{
  "U_id": "U_forced_hs2_q3_82_r2",
  "q": [
    3,
    82
  ],
  "hs": [
    [
      2,
      81
    ],
    [
      3,
      38
    ]
  ],
  "status": "INFEASIBLE_SCOPED",
  "universe_hash": "8fa8190d649cb209f29311220fb01683818ae82c7bbe7f3032ff2d471776ad20",
  "n_rem": 2,
  "n_add": 2084,
  "best_illegal_V": 15,
  "rounds": 699,
  "final_cuts": 2394,
  "wall_time_s": 46.927343130111694
}
{"start": "U_forced_hs2_q96_17_r2", "hs": [[96, 61], [97, 18]], "n_add": 2084, "hash": "5dd4365ed575165c"}
{
  "U_id": "U_forced_hs2_q96_17_r2",
  "q": [
    96,
    17
  ],
  "hs": [
    [
      96,
      61
    ],
    [
      97,
      18
    ]
  ],
  "status": "INFEASIBLE_SCOPED",
  "universe_hash": "5dd4365ed575165c81ca4452a021ee9b598d3be7bd39e4d518ccfe4f34be11cc",
  "n_rem": 2,
  "n_add": 2084,
  "best_illegal_V": 13,
  "rounds": 699,
  "final_cuts": 2415,
  "wall_time_s": 46.03041338920593
}
{"start": "U_forced_hs2_q96_82_r2", "hs": [[96, 38], [97, 81]], "n_add": 2084, "hash": "47bbd0d3271fad06"}
{
  "U_id": "U_forced_hs2_q96_82_r2",
  "q": [
    96,
    82
  ],
  "hs": [
    [
      96,
      38
    ],
    [
      97,
      81
    ]
  ],
  "status": "INFEASIBLE_SCOPED",
  "universe_hash": "47bbd0d3271fad0609369a94c770dce9d3fc140d86476e4ea63c198531248633",
  "n_rem": 2,
  "n_add": 2084,
  "best_illegal_V": 15,
  "rounds": 697,
  "final_cuts": 2402,
  "wall_time_s": 45.93717312812805
}
{
  "done": true,
  "n_tried": 8,
  "any_legal": false,
  "status_counts": {
    "INFEASIBLE_SCOPED": 8
  }
}
