{"start": "t5_xlarge", "seed": 851}
{
  "symmetry_type": 5,
  "seed": 851,
  "status": "TIMEOUT",
  "size": 0,
  "universe_id": "orb_t5_defect_core6_free326_def320_part0_h18",
  "model_hash": "e6b21659c4c83f8588747c2ee3c6241cae5b1a12571cbe3f5440d34623b79688",
  "wall_time_s": 1800.7392792701721,
  "rounds": 595,
  "final_cuts": 87593,
  "checkpoint": "D:\\others\\grid_no_isosceles_bigbang\\scratch\\agent_b\\checkpoints\\w3_xlarge_n100_t5_defect_s851_20260812T100652Z.json",
  "candidate": null
}
{"start": "t6_xlarge", "seed": 861}
{
  "symmetry_type": 6,
  "seed": 861,
  "status": "TIMEOUT",
  "size": 0,
  "universe_id": "orb_t6_defect_core6_free326_def320_part0_h18",
  "model_hash": "e27bb7691c85ac28e92ce5fbb3a253cdf00373f7630793b4bbcbe09202987087",
  "wall_time_s": 1800.7307479381561,
  "rounds": 584,
  "final_cuts": 86223,
  "checkpoint": "D:\\others\\grid_no_isosceles_bigbang\\scratch\\agent_b\\checkpoints\\w3_xlarge_n100_t6_defect_s861_20260812T103653Z.json",
  "candidate": null
}
