BEST 2  nodes 0  t 0.00  SET 0,0 0,8
BEST 3  nodes 0  t 0.00  SET 0,0 0,8 0,9
BEST 4  nodes 0  t 0.00  SET 0,0 0,8 0,9 0,11
BEST 5  nodes 0  t 0.00  SET 0,0 1,6 1,7 1,9 1,10
BEST 6  nodes 0  t 0.00  SET 0,0 1,6 1,7 1,9 1,10 2,1
BEST 7  nodes 0  t 0.00  SET 0,0 1,6 1,7 1,9 1,10 2,1 2,2
BEST 8  nodes 0  t 0.00  SET 0,0 1,7 1,8 1,10 1,11 2,1 2,2 2,4
BEST 9  nodes 0  t 0.00  SET 0,0 1,7 1,8 1,10 1,11 2,1 2,2 2,4 2,5
BEST 10  nodes 0  t 0.00  SET 0,0 1,7 1,8 1,10 1,11 2,1 2,2 2,4 2,5 4,1
BEST 11  nodes 0  t 0.00  SET 0,0 1,7 1,8 1,10 1,11 2,1 2,2 2,4 2,5 4,1 5,10
BEST 12  nodes 0  t 0.00  SET 0,0 1,7 1,8 1,10 1,11 2,1 2,2 2,4 2,5 4,1 5,10 6,10
BEST 13  nodes 0  t 0.00  SET 0,0 1,7 1,8 1,10 1,11 2,1 2,2 2,4 2,5 4,1 5,10 6,10 7,0
BEST 14  nodes 0  t 0.00  SET 0,0 1,7 1,8 1,10 1,11 2,1 2,2 2,4 2,5 4,1 5,10 6,10 7,0 9,1
BEST 15  nodes 0  t 0.00  SET 0,0 1,7 1,8 1,10 1,11 2,1 2,2 2,4 2,5 4,1 6,10 7,0 9,1 9,10 10,0
BEST 16  nodes 0  t 0.00  SET 0,0 0,8 0,9 0,11 1,0 1,2 1,3 1,5 2,5 7,0 7,9 7,11 8,5 9,5 10,7 11,2
BEST 17  nodes 0  t 0.00  SET 0,0 0,8 0,9 0,11 1,0 1,2 1,3 1,5 2,5 7,5 8,5 9,3 10,0 10,7 10,8 11,6 11,9
BEST 18  nodes 0  t 0.00  SET 0,0 0,6 0,7 0,9 0,10 1,0 1,11 2,2 2,4 3,2 6,11 8,0 8,11 9,6 9,11 10,7 11,4 11,7
BEST 19  nodes 0  t 0.01  SET 0,0 0,8 0,9 0,11 1,0 1,6 1,11 3,1 3,2 3,6 4,11 8,2 9,2 9,6 10,0 10,6 10,11 11,5 11,8
BEST 20  nodes 0  t 0.44  SET 0,0 0,11 1,0 1,4 1,7 1,11 2,1 2,10 3,1 3,5 3,6 3,10 9,1 9,10 10,0 10,4 10,7 10,11 11,5 11,6
DONE grid 12x12  OPT 20  nodes 27686483095  time 97.20  sym=1
SET 0,0 0,11 1,0 1,4 1,7 1,11 2,1 2,10 3,1 3,5 3,6 3,10 9,1 9,10 10,0 10,4 10,7 10,11 11,5 11,6
