BEST 2  t 0.00  SET 0,0 0,3
BEST 3  t 0.00  SET 0,0 0,3 1,2
BEST 4  t 0.00  SET 0,0 0,3 1,2 2,2
BEST 5  t 0.00  SET 0,0 0,3 1,2 2,2 0,5
BEST 6  t 0.00  SET 0,0 0,3 1,2 2,2 0,5 5,1
BEST 7  t 0.00  SET 0,0 0,3 1,2 2,2 0,5 5,1 6,0
BEST 8  t 0.00  SET 0,0 3,2 4,1 0,6 2,4 2,5 7,0 7,1
BEST 9  t 0.00  SET 0,0 3,2 4,1 0,6 2,4 2,5 7,0 7,1 9,0
BEST 10  t 0.00  SET 0,0 3,2 4,1 0,6 2,4 2,5 7,0 7,1 9,0 1,9
BEST 11  t 0.00  SET 0,0 3,2 4,1 0,6 2,4 2,5 7,0 7,1 9,0 1,9 1,10
BEST 12  t 0.00  SET 0,0 3,2 4,1 0,6 2,4 2,5 7,0 7,1 9,0 1,9 1,10 3,11
BEST 13  t 0.00  SET 0,0 3,2 4,1 0,6 2,4 2,5 7,0 7,1 9,0 1,9 1,10 3,11 11,8
BEST 14  t 0.00  SET 0,0 3,2 4,1 0,6 2,4 2,5 7,0 7,1 9,0 1,9 2,9 3,11 10,9 11,8
BEST 15  t 0.00  SET 0,0 1,2 3,0 1,3 4,0 0,5 1,5 0,7 0,8 9,0 9,1 1,10 11,0 11,1 5,11
BEST 16  t 0.00  SET 0,0 4,1 5,0 0,6 1,5 4,2 0,7 2,5 1,11 3,9 10,2 2,11 9,4 11,6 9,9 11,11
BEST 17  t 0.00  SET 0,0 1,4 2,3 5,0 1,5 3,3 7,0 1,7 8,0 0,9 1,8 3,9 10,2 11,1 11,4 10,10 11,11
BEST 18  t 0.00  SET 0,0 1,2 3,0 1,3 4,0 0,5 1,5 0,7 0,8 3,11 4,11 5,10 6,10 8,10 9,10 11,8 10,11 11,11
BEST 19  t 0.13  SET 0,0 1,2 3,0 1,3 4,0 5,1 0,7 1,6 0,8 3,11 4,11 5,10 10,6 8,10 11,7 9,10 11,8 10,11 11,11
BEST 20  t 43.73  SET 0,0 1,0 0,2 1,3 3,2 3,3 5,2 7,0 8,0 0,9 1,8 8,2 0,11 1,11 3,9 5,9 7,8 8,9 7,11 8,11
DONE-B grid 12x12  OPT 20  nodes 33009768870  time 2911.97
SET 0,0 1,0 0,2 1,3 3,2 3,3 5,2 7,0 8,0 0,9 1,8 8,2 0,11 1,11 3,9 5,9 7,8 8,9 7,11 8,11
